[32minfo[39m: Server started on port 8080
[31merror[39m: 2026-04-25T09:27:30.915Z traceId[-] spanId[36eab9451d812c18046dc053828149c3] user[-] 2026-04-25T09:27:30.914Z traceId[-] spanId[36eab9451d812c18046dc053828149c3] user[-] GET /api/auth/me - Unauthorized
[31merror[39m: Request failed | UserId: undefined | Status: 401 Unauthorized {"errorDescription":"Missing authentication token","status":401}
[31merror[39m: 2026-04-25T09:27:44.022Z traceId[-] spanId[7c6d5710f71840f5c70df8219a22e404] user[-] 2026-04-25T09:27:44.022Z traceId[-] spanId[7c6d5710f71840f5c70df8219a22e404] user[-] GET /api/user/me/blocked-users - 
Invalid `prisma.block.findMany()` invocation in
E:\projects\ChatApplication\Backend\app\modules\user\user.repository.ts:195:37

  192 export async function listBlockedUsers(
  193   userId: string,
  194 ): Promise<BlockedUserResponseDTO[]> {
→ 195   const blocks = await prisma.block.findMany(
The table `public.blocks` does not exist in the current database.
[31merror[39m: Request failed | UserId: cmoe2zu7s0000sgfvnferq2sr | Status: 500 Invalid `prisma.block.findMany()` invocation in
E:\projects\ChatApplication\Backend\app\modules\user\user.repository.ts:195:37

  192 export async function listBlockedUsers(
  193   userId: string,
  194 ): Promise<BlockedUserResponseDTO[]> {
→ 195   const blocks = await prisma.block.findMany(
The table `public.blocks` does not exist in the current database. {"status":500}
[31merror[39m: 2026-04-25T09:27:44.042Z traceId[-] spanId[3e61cc88a2fdac602dc09efa0cfd3554] user[-] 2026-04-25T09:27:44.042Z traceId[-] spanId[3e61cc88a2fdac602dc09efa0cfd3554] user[-] GET /api/user/me/conversation-preferences - 
Invalid `prisma.conversationNotificationPreference.findMany()` invocation in
E:\projects\ChatApplication\Backend\app\modules\user\user.repository.ts:179:52

  176 export async function listConversationPreferences(
  177   userId: string,
  178 ): Promise<ConversationNotificationPreferenceDTO[]> {
→ 179   return prisma.conversationNotificationPreference.findMany(
The table `public.conversation_notification_preferences` does not exist in the current database.
[31merror[39m: Request failed | UserId: cmoe2zu7s0000sgfvnferq2sr | Status: 500 Invalid `prisma.conversationNotificationPreference.findMany()` invocation in
E:\projects\ChatApplication\Backend\app\modules\user\user.repository.ts:179:52

  176 export async function listConversationPreferences(
  177   userId: string,
  178 ): Promise<ConversationNotificationPreferenceDTO[]> {
→ 179   return prisma.conversationNotificationPreference.findMany(
The table `public.conversation_notification_preferences` does not exist in the current database. {"status":500}
[31merror[39m: 2026-04-25T09:27:44.060Z traceId[-] spanId[cf76484ba274dd8fb46f174a20f72272] user[-] 2026-04-25T09:27:44.060Z traceId[-] spanId[cf76484ba274dd8fb46f174a20f72272] user[-] GET /api/user/me/settings - 
Invalid `prisma.user.findUnique()` invocation in
E:\projects\ChatApplication\Backend\app\modules\user\user.repository.ts:62:34

  59 export async function getUserSettings(
  60   userId: string,
  61 ): Promise<UserSettingsResponseDTO | null> {
→ 62   const user = await prisma.user.findUnique(
The column `users.lastSeenVisible` does not exist in the current database.
[31merror[39m: Request failed | UserId: cmoe2zu7s0000sgfvnferq2sr | Status: 500 Invalid `prisma.user.findUnique()` invocation in
E:\projects\ChatApplication\Backend\app\modules\user\user.repository.ts:62:34

  59 export async function getUserSettings(
  60   userId: string,
  61 ): Promise<UserSettingsResponseDTO | null> {
→ 62   const user = await prisma.user.findUnique(
The column `users.lastSeenVisible` does not exist in the current database. {"status":500}
[31merror[39m: 2026-04-25T09:27:45.103Z traceId[-] spanId[3ff3479d3bfbea4613b016f6715d40a3] user[-] 2026-04-25T09:27:45.103Z traceId[-] spanId[3ff3479d3bfbea4613b016f6715d40a3] user[-] GET /api/user/me/blocked-users - 
Invalid `prisma.block.findMany()` invocation in
E:\projects\ChatApplication\Backend\app\modules\user\user.repository.ts:195:37

  192 export async function listBlockedUsers(
  193   userId: string,
  194 ): Promise<BlockedUserResponseDTO[]> {
→ 195   const blocks = await prisma.block.findMany(
The table `public.blocks` does not exist in the current database.
[31merror[39m: Request failed | UserId: cmoe2zu7s0000sgfvnferq2sr | Status: 500 Invalid `prisma.block.findMany()` invocation in
E:\projects\ChatApplication\Backend\app\modules\user\user.repository.ts:195:37

  192 export async function listBlockedUsers(
  193   userId: string,
  194 ): Promise<BlockedUserResponseDTO[]> {
→ 195   const blocks = await prisma.block.findMany(
The table `public.blocks` does not exist in the current database. {"status":500}
[31merror[39m: 2026-04-25T09:27:45.119Z traceId[-] spanId[b5824ae28c3edb92a2ab762727007db2] user[-] 2026-04-25T09:27:45.119Z traceId[-] spanId[b5824ae28c3edb92a2ab762727007db2] user[-] GET /api/user/me/conversation-preferences - 
Invalid `prisma.conversationNotificationPreference.findMany()` invocation in
E:\projects\ChatApplication\Backend\app\modules\user\user.repository.ts:179:52

  176 export async function listConversationPreferences(
  177   userId: string,
  178 ): Promise<ConversationNotificationPreferenceDTO[]> {
→ 179   return prisma.conversationNotificationPreference.findMany(
The table `public.conversation_notification_preferences` does not exist in the current database.
[31merror[39m: Request failed | UserId: cmoe2zu7s0000sgfvnferq2sr | Status: 500 Invalid `prisma.conversationNotificationPreference.findMany()` invocation in
E:\projects\ChatApplication\Backend\app\modules\user\user.repository.ts:179:52

  176 export async function listConversationPreferences(
  177   userId: string,
  178 ): Promise<ConversationNotificationPreferenceDTO[]> {
→ 179   return prisma.conversationNotificationPreference.findMany(
The table `public.conversation_notification_preferences` does not exist in the current database. {"status":500}
[31merror[39m: 2026-04-25T09:27:45.144Z traceId[-] spanId[df6c6a959a735849cf4cdf4e50bbd7a2] user[-] 2026-04-25T09:27:45.144Z traceId[-] spanId[df6c6a959a735849cf4cdf4e50bbd7a2] user[-] GET /api/user/me/settings - 
Invalid `prisma.user.findUnique()` invocation in
E:\projects\ChatApplication\Backend\app\modules\user\user.repository.ts:62:34

  59 export async function getUserSettings(
  60   userId: string,
  61 ): Promise<UserSettingsResponseDTO | null> {
→ 62   const user = await prisma.user.findUnique(
The column `users.lastSeenVisible` does not exist in the current database.
[31merror[39m: Request failed | UserId: cmoe2zu7s0000sgfvnferq2sr | Status: 500 Invalid `prisma.user.findUnique()` invocation in
E:\projects\ChatApplication\Backend\app\modules\user\user.repository.ts:62:34

  59 export async function getUserSettings(
  60   userId: string,
  61 ): Promise<UserSettingsResponseDTO | null> {
→ 62   const user = await prisma.user.findUnique(
The column `users.lastSeenVisible` does not exist in the current database. {"status":500}
[31merror[39m: 2026-04-25T09:27:47.182Z traceId[-] spanId[fff3c40a1fd18b281487e971743cbc70] user[-] 2026-04-25T09:27:47.182Z traceId[-] spanId[fff3c40a1fd18b281487e971743cbc70] user[-] GET /api/user/me/blocked-users - 
Invalid `prisma.block.findMany()` invocation in
E:\projects\ChatApplication\Backend\app\modules\user\user.repository.ts:195:37

  192 export async function listBlockedUsers(
  193   userId: string,
  194 ): Promise<BlockedUserResponseDTO[]> {
→ 195   const blocks = await prisma.block.findMany(
The table `public.blocks` does not exist in the current database.
[31merror[39m: Request failed | UserId: cmoe2zu7s0000sgfvnferq2sr | Status: 500 Invalid `prisma.block.findMany()` invocation in
E:\projects\ChatApplication\Backend\app\modules\user\user.repository.ts:195:37

  192 export async function listBlockedUsers(
  193   userId: string,
  194 ): Promise<BlockedUserResponseDTO[]> {
→ 195   const blocks = await prisma.block.findMany(
The table `public.blocks` does not exist in the current database. {"status":500}
[31merror[39m: 2026-04-25T09:27:47.212Z traceId[-] spanId[ead7df9462c855065e17fbe8ac62f76a] user[-] 2026-04-25T09:27:47.212Z traceId[-] spanId[ead7df9462c855065e17fbe8ac62f76a] user[-] GET /api/user/me/conversation-preferences - 
Invalid `prisma.conversationNotificationPreference.findMany()` invocation in
E:\projects\ChatApplication\Backend\app\modules\user\user.repository.ts:179:52

  176 export async function listConversationPreferences(
  177   userId: string,
  178 ): Promise<ConversationNotificationPreferenceDTO[]> {
→ 179   return prisma.conversationNotificationPreference.findMany(
The table `public.conversation_notification_preferences` does not exist in the current database.
[31merror[39m: Request failed | UserId: cmoe2zu7s0000sgfvnferq2sr | Status: 500 Invalid `prisma.conversationNotificationPreference.findMany()` invocation in
E:\projects\ChatApplication\Backend\app\modules\user\user.repository.ts:179:52

  176 export async function listConversationPreferences(
  177   userId: string,
  178 ): Promise<ConversationNotificationPreferenceDTO[]> {
→ 179   return prisma.conversationNotificationPreference.findMany(
The table `public.conversation_notification_preferences` does not exist in the current database. {"status":500}
[31merror[39m: 2026-04-25T09:27:47.236Z traceId[-] spanId[7d3befbba8fa31e961358ec348c39a87] user[-] 2026-04-25T09:27:47.236Z traceId[-] spanId[7d3befbba8fa31e961358ec348c39a87] user[-] GET /api/user/me/settings - 
Invalid `prisma.user.findUnique()` invocation in
E:\projects\ChatApplication\Backend\app\modules\user\user.repository.ts:62:34

  59 export async function getUserSettings(
  60   userId: string,
  61 ): Promise<UserSettingsResponseDTO | null> {
→ 62   const user = await prisma.user.findUnique(
The column `users.lastSeenVisible` does not exist in the current database.
[31merror[39m: Request failed | UserId: cmoe2zu7s0000sgfvnferq2sr | Status: 500 Invalid `prisma.user.findUnique()` invocation in
E:\projects\ChatApplication\Backend\app\modules\user\user.repository.ts:62:34

  59 export async function getUserSettings(
  60   userId: string,
  61 ): Promise<UserSettingsResponseDTO | null> {
→ 62   const user = await prisma.user.findUnique(
The column `users.lastSeenVisible` does not exist in the current database. {"status":500}
[31merror[39m: 2026-04-25T09:28:55.688Z traceId[-] spanId[08cc020d10567e84df8427ab92f7a5f3] user[-] 2026-04-25T09:28:55.688Z traceId[-] spanId[08cc020d10567e84df8427ab92f7a5f3] user[-] PATCH /api/user/me - 
Invalid `prisma.user.update()` invocation in
E:\projects\ChatApplication\Backend\app\modules\user\user.repository.ts:41:22

  38   userId: string,
  39   data: Prisma.UserUpdateInput,
  40 ): Promise<ProfileResponseDTO> {
→ 41   return prisma.user.update(
The column `users.lastSeenVisible` does not exist in the current database.
[31merror[39m: Request failed | UserId: cmoe2zu7s0000sgfvnferq2sr | Status: 500 Invalid `prisma.user.update()` invocation in
E:\projects\ChatApplication\Backend\app\modules\user\user.repository.ts:41:22

  38   userId: string,
  39   data: Prisma.UserUpdateInput,
  40 ): Promise<ProfileResponseDTO> {
→ 41   return prisma.user.update(
The column `users.lastSeenVisible` does not exist in the current database. {"status":500}
[32minfo[39m: Server started on port 8080
[31merror[39m: 2026-04-25T09:31:25.215Z traceId[-] spanId[5a96df2f7c76e69525d99d5480457b16] user[-] 2026-04-25T09:31:25.215Z traceId[-] spanId[5a96df2f7c76e69525d99d5480457b16] user[-] PATCH /api/user/me - Bad request
[31merror[39m: Request failed | UserId: cmoe2zu7s0000sgfvnferq2sr | Status: 400 Bad request {"errorDescription":"Avatar URL must be a valid URL","status":400}
[31merror[39m: 2026-04-25T09:31:38.064Z traceId[-] spanId[78bfea0dadb2b76d733a97d49cc45bdd] user[-] 2026-04-25T09:31:38.064Z traceId[-] spanId[78bfea0dadb2b76d733a97d49cc45bdd] user[-] PATCH /api/user/me - Bad request
[31merror[39m: Request failed | UserId: cmoe2zu7s0000sgfvnferq2sr | Status: 400 Bad request {"errorDescription":"Avatar URL must be a valid URL","status":400}
[32minfo[39m: Server started on port 8080
[31merror[39m: 2026-04-25T09:32:46.679Z traceId[-] spanId[34927df5113734abbc53393d3479590e] user[-] 2026-04-25T09:32:46.678Z traceId[-] spanId[34927df5113734abbc53393d3479590e] user[-] PATCH /api/user/me - Bad request
[31merror[39m: Request failed | UserId: cmoe2zu7s0000sgfvnferq2sr | Status: 400 Bad request {"errorDescription":"Avatar URL must be a valid URL","status":400}
[31merror[39m: 2026-04-25T09:32:51.952Z traceId[-] spanId[6a73dd2d1acf163ea5d2e90857ddb56f] user[-] 2026-04-25T09:32:51.952Z traceId[-] spanId[6a73dd2d1acf163ea5d2e90857ddb56f] user[-] PATCH /api/user/me - Bad request
[31merror[39m: Request failed | UserId: cmoe2zu7s0000sgfvnferq2sr | Status: 400 Bad request {"errorDescription":"Avatar URL must be a valid URL","status":400}
[32minfo[39m: Server started on port 8080
[31merror[39m: 2026-04-25T09:42:36.146Z traceId[-] spanId[ba19b0c45bb1c44f555a4f2cb23e6fac] user[-] 2026-04-25T09:42:36.106Z traceId[-] spanId[ba19b0c45bb1c44f555a4f2cb23e6fac] user[-] GET /api/auth/me - Unauthorized
[31merror[39m: Request failed | UserId: undefined | Status: 401 Unauthorized {"errorDescription":"Missing authentication token","status":401}
[32minfo[39m: Server started on port 8080
[31merror[39m: 2026-04-25T10:07:55.958Z traceId[-] spanId[170ef851ee3733f9be7bb4402463d941] user[-] 2026-04-25T10:07:55.956Z traceId[-] spanId[170ef851ee3733f9be7bb4402463d941] user[-] PATCH /api/user/me/settings - Unauthorized
[31merror[39m: Request failed | UserId: undefined | Status: 401 Unauthorized {"errorDescription":"Missing authentication token","status":401}
[32minfo[39m: Server started on port 8080
[31merror[39m: 2026-04-25T10:14:10.937Z traceId[-] spanId[97e80c8d32d79ef63e43271b3ea32aed] user[-] 2026-04-25T10:14:10.937Z traceId[-] spanId[97e80c8d32d79ef63e43271b3ea32aed] user[-] GET /favicon.ico - Path not found
[31merror[39m: Request failed | UserId: undefined | Status: 404 Path not found {"status":404}
